[dataset] 48 sequences
[jobs] 240 remaining (of 240)
  seq000 S0 verdicts=benign,benign,benign,malicious
  seq000 S3 verdicts=malicious,benign,benign,malicious
  seq000 S1 verdicts=benign,malicious,malicious,malicious
  seq001 S0 verdicts=malicious,benign,benign,malicious
  seq001 S1 verdicts=malicious,malicious,malicious,malicious
  seq000 S4 verdicts=malicious,benign,benign,malicious
  seq000 S2 verdicts=malicious,benign,benign,malicious
  seq001 S3 verdicts=malicious,benign,benign,malicious
  seq002 S0 verdicts=benign,benign,benign,malicious
  seq002 S1 verdicts=benign,suspicious,suspicious,suspicious
  seq001 S2 verdicts=malicious,benign,benign,malicious
  seq001 S4 verdicts=malicious,suspicious,benign,malicious
  seq002 S3 verdicts=benign,benign,benign,suspicious
  seq003 S0 verdicts=malicious,benign,benign,malicious
  seq003 S1 verdicts=malicious,malicious,malicious,malicious
  seq002 S2 verdicts=benign,benign,benign,malicious
  seq002 S4 verdicts=benign,suspicious,benign,suspicious
  seq003 S3 verdicts=malicious,benign,benign,malicious
  seq004 S0 verdicts=benign,benign,benign,malicious
  seq004 S1 verdicts=benign,malicious,malicious,malicious
  seq003 S4 verdicts=benign,malicious,benign,malicious
  seq003 S2 verdicts=malicious,benign,suspicious,malicious
  seq004 S3 verdicts=malicious,benign,benign,malicious
  seq005 S0 verdicts=benign,benign,benign,malicious
  seq005 S1 verdicts=benign,suspicious,suspicious,suspicious
  seq004 S4 verdicts=malicious,suspicious,suspicious,malicious
  seq004 S2 verdicts=malicious,suspicious,suspicious,malicious
  seq005 S3 verdicts=benign,benign,benign,suspicious
  seq006 S0 verdicts=malicious,benign,benign,malicious
  seq006 S1 verdicts=malicious,malicious,malicious,malicious
  seq005 S2 verdicts=benign,benign,benign,suspicious
  seq005 S4 verdicts=benign,benign,benign,suspicious
  seq006 S3 verdicts=malicious,benign,benign,malicious
  seq007 S0 verdicts=malicious,benign,benign,malicious
  seq007 S1 verdicts=malicious,malicious,malicious,malicious
  seq006 S4 verdicts=malicious,suspicious,benign,malicious
  seq006 S2 verdicts=malicious,benign,suspicious,malicious
  seq007 S3 verdicts=malicious,benign,benign,malicious
  seq008 S0 verdicts=benign,benign,benign,malicious
  seq008 S1 verdicts=benign,suspicious,suspicious,suspicious
  seq007 S2 verdicts=malicious,benign,benign,malicious
  seq007 S4 verdicts=malicious,suspicious,suspicious,malicious
  seq008 S3 verdicts=benign,benign,suspicious,suspicious
  seq009 S0 verdicts=malicious,benign,benign,malicious
