[dataset] 52 sequences (real variant=plain clean=False task=verdict inject_window=1)
[jobs] 104 remaining (of 104)
  real001 S3 verdicts=benign,benign,benign,malicious
  real000 S1 verdicts=malicious,malicious,malicious,malicious
  real000 S3 verdicts=malicious,benign,benign,malicious
  real001 S1 verdicts=benign,benign,benign,malicious
  real002 S3 verdicts=benign,benign,benign,malicious
  real002 S1 verdicts=benign,benign,benign,malicious
  real003 S1 verdicts=malicious,malicious,malicious,unknown
  real003 S3 verdicts=unknown,unknown,unknown,unknown
  real004 S3 verdicts=unknown,benign,benign,benign
  real004 S1 verdicts=unknown,unknown,unknown,unknown
  real005 S3 verdicts=benign,benign,benign,unknown
  real005 S1 verdicts=benign,benign,unknown,unknown
  real006 S1 verdicts=benign,benign,benign,unknown
  real006 S3 verdicts=benign,benign,benign,benign
  real007 S3 verdicts=malicious,unknown,unknown,malicious
  real007 S1 verdicts=unknown,unknown,unknown,unknown
  real008 S1 verdicts=malicious,malicious,malicious,malicious
  real008 S3 verdicts=unknown,benign,benign,unknown
  real009 S3 verdicts=benign,benign,benign,unknown
  real009 S1 verdicts=benign,benign,benign,unknown
  real010 S3 verdicts=benign,benign,benign,unknown
  real010 S1 verdicts=benign,benign,unknown,unknown
  real011 S1 verdicts=unknown,unknown,unknown,unknown
  real011 S3 verdicts=malicious,unknown,unknown,unknown
  real013 S3 verdicts=benign,benign,benign,unknown
  real012 S3 verdicts=suspicious,benign,benign,unknown
  real012 S1 verdicts=unknown,unknown,unknown,malicious
  real013 S1 verdicts=benign,benign,benign,unknown
  real014 S3 verdicts=benign,benign,benign,benign
  real014 S1 verdicts=benign,benign,benign,unknown
  real015 S1 verdicts=unknown,unknown,malicious,unknown
  real015 S3 verdicts=unknown,unknown,benign,unknown
  real016 S3 verdicts=unknown,benign,benign,unknown
  real016 S1 verdicts=unknown,unknown,unknown,unknown
  real017 S1 verdicts=benign,benign,benign,unknown
  real017 S3 verdicts=benign,benign,benign,unknown
  real018 S1 verdicts=benign,benign,benign,unknown
  real018 S3 verdicts=benign,benign,benign,unknown
  real019 S3 verdicts=unknown,benign,benign,malicious
  real019 S1 verdicts=unknown,unknown,unknown,unknown
