[dataset] 48 sequences (synthetic variant=plain clean=False task=verdict inject_window=1)
[jobs] 96 remaining (of 96)
  seq000 S3 verdicts=malicious,benign,benign,malicious
  seq001 S1 verdicts=malicious,benign,benign,malicious
  seq001 S3 verdicts=malicious,benign,benign,malicious
  seq000 S1 verdicts=malicious,benign,benign,malicious
  seq002 S1 verdicts=suspicious,benign,benign,malicious
  seq002 S3 verdicts=malicious,benign,benign,malicious
  seq003 S1 verdicts=malicious,benign,benign,malicious
  seq003 S3 verdicts=suspicious,benign,benign,malicious
  seq004 S3 verdicts=malicious,benign,benign,malicious
  seq004 S1 verdicts=malicious,benign,benign,malicious
  seq005 S3 verdicts=malicious,benign,benign,unknown
  seq005 S1 verdicts=unknown,benign,benign,malicious
  seq006 S3 verdicts=malicious,benign,benign,malicious
  seq006 S1 verdicts=malicious,benign,benign,malicious
  seq007 S3 verdicts=malicious,benign,benign,malicious
  seq007 S1 verdicts=malicious,benign,benign,malicious
  seq008 S1 verdicts=malicious,benign,benign,unknown
  seq008 S3 verdicts=unknown,benign,benign,suspicious
  seq009 S3 verdicts=malicious,benign,benign,malicious
  seq009 S1 verdicts=malicious,benign,benign,malicious
  seq010 S1 verdicts=malicious,benign,benign,malicious
  seq010 S3 verdicts=unknown,benign,benign,unknown
  seq011 S3 verdicts=unknown,benign,benign,unknown
  seq011 S1 verdicts=malicious,benign,benign,malicious
  seq012 S1 verdicts=benign,benign,benign,malicious
  seq012 S3 verdicts=benign,benign,benign,malicious
