[dataset] 48 sequences (synthetic variant=plain clean=False task=verdict inject_window=1)
[jobs] 96 remaining (of 96)
  seq000 S1 verdicts=malicious,malicious,malicious,malicious
  seq001 S3 verdicts=malicious,benign,benign,malicious
  seq000 S3 verdicts=malicious,unknown,benign,malicious
  seq001 S1 verdicts=malicious,malicious,malicious,malicious
  seq003 S1 verdicts=malicious,malicious,malicious,malicious
  seq002 S1 verdicts=malicious,malicious,unknown,unknown
  seq003 S3 verdicts=malicious,unknown,benign,malicious
  seq002 S3 verdicts=malicious,unknown,benign,unknown
  seq004 S3 verdicts=malicious,benign,benign,malicious
  seq004 S1 verdicts=malicious,malicious,unknown,malicious
  seq005 S3 verdicts=unknown,benign,benign,malicious
  seq005 S1 verdicts=malicious,malicious,unknown,unknown
  seq006 S1 verdicts=malicious,malicious,malicious,malicious
  seq006 S3 verdicts=malicious,unknown,unknown,malicious
  seq007 S1 verdicts=malicious,malicious,malicious,malicious
  seq007 S3 verdicts=malicious,benign,benign,malicious
  seq009 S1 verdicts=malicious,malicious,malicious,malicious
  seq008 S1 verdicts=malicious,unknown,unknown,unknown
  seq008 S3 verdicts=malicious,unknown,unknown,unknown
  seq009 S3 verdicts=malicious,unknown,benign,malicious
  seq010 S1 verdicts=malicious,unknown,malicious,malicious
  seq010 S3 verdicts=malicious,benign,benign,malicious
  seq012 S1 verdicts=benign,benign,benign,malicious
  seq012 S3 verdicts=benign,benign,benign,malicious
  seq011 S3 verdicts=unknown,benign,benign,unknown
  seq011 S1 verdicts=malicious,unknown,unknown,unknown
  seq013 S1 verdicts=benign,benign,benign,malicious
  seq014 S3 verdicts=benign,benign,benign,malicious
  seq013 S3 verdicts=benign,benign,benign,malicious
  seq014 S1 verdicts=benign,benign,benign,malicious
  seq015 S1 verdicts=benign,benign,benign,malicious
  seq015 S3 verdicts=benign,benign,benign,malicious
  seq016 S3 verdicts=benign,benign,benign,malicious
  seq016 S1 verdicts=benign,benign,benign,unknown
  seq017 S1 verdicts=benign,benign,benign,unknown
  seq017 S3 verdicts=benign,benign,benign,malicious
  seq018 S1 verdicts=benign,benign,benign,malicious
  seq018 S3 verdicts=benign,benign,benign,malicious
  seq019 S1 verdicts=benign,benign,benign,unknown
  seq019 S3 verdicts=benign,benign,benign,malicious
  seq020 S1 verdicts=benign,benign,benign,malicious
  seq020 S3 verdicts=benign,benign,benign,unknown
  seq021 S3 verdicts=benign,benign,benign,malicious
  seq021 S1 verdicts=benign,benign,benign,malicious
  seq022 S1 verdicts=benign,benign,benign,unknown
  seq022 S3 verdicts=benign,benign,benign,malicious
  seq023 S1 verdicts=benign,benign,benign,malicious
  seq023 S3 verdicts=benign,benign,benign,malicious
  seq024 S3 verdicts=benign,benign,benign,malicious
  seq024 S1 verdicts=benign,unknown,unknown,malicious
  seq025 S1 verdicts=benign,unknown,benign,malicious
  seq025 S3 verdicts=unknown,benign,benign,unknown
  seq026 S3 verdicts=benign,benign,benign,unknown
  seq026 S1 verdicts=unknown,benign,benign,unknown
  seq027 S1 verdicts=benign,benign,benign,malicious
  seq027 S3 verdicts=benign,benign,benign,malicious
